// Jest Snapshot v1, https://goo.gl/fbAQLP

exports[`xdrToObject ledger 1`] = `
"{
  \\"ledgerSeq\\": 1048512,
  \\"hash\\": \\"665bf4f20ea79d7a75ef3c0609edc6d3bb188e41b2b1693d4d74933e4528c64d\\",
  \\"baseFee\\": 100,
  \\"baseReserve\\": 5000000,
  \\"maxTxSetSize\\": 100,
  \\"ledgerVersion\\": 10,
  \\"feePool\\": \\"4012791496080466\\",
  \\"idPool\\": \\"431196\\",
  \\"totalCoins\\": \\"1004012788879607226\\",
  \\"txSetResultHash\\": \\"747ab0fd4ba02cae7629508810d5c07d2d486a14709167fa1add9d0eb1d80f61\\",
  \\"closeTime\\": 1544073495
}"
`;

exports[`xdrToObject transactions 1`] = `
"{
  \\"ledgerSeq\\": 21833152,
  \\"previousLedgerHash\\": \\"dd6a5afe5d605cf2fabb02381f51d59c565b9906fe8b80cf855c7543ade14345\\",
  \\"transactions\\": [
    {
      \\"fee\\": 100,
      \\"seqNum\\": \\"88423446660253178\\",
      \\"sourceAccount\\": \\"GA2Z7ICAY5RNQSWBEHV2KHVCMOBTXWUFXGDYWZUJZA3ZV4KOFUVGKSCN\\",
      \\"memo\\": {
        \\"type\\": \\"memoText\\",
        \\"value\\": \\"SCN - Social Point\\"
      },
      \\"operations\\": [
        {
          \\"type\\": \\"payment\\",
          \\"destination\\": \\"GBSHE2OSYS4Y4X74RGQLV75PGOTS7FJYO7FE3RJJ3JTXRULLJABA3X2J\\",
          \\"asset\\": {
            \\"code\\": \\"SCN\\",
            \\"issuer\\": \\"GAVAR4DWFKNPXZNNFW6Y4CLU6SIXNWHBPKHSYWH5O6V4NVLOLFVBOMCE\\"
          },
          \\"amount\\": \\"7\\"
        }
      ]
    },
    {
      \\"fee\\": 102,
      \\"seqNum\\": \\"89150855206425137\\",
      \\"sourceAccount\\": \\"GCFHNIB4FFLZJ2IKGXB5KEE32H5DDN37ZLVWBYLFWECSEXMUWSF3LDDO\\",
      \\"operations\\": [
        {
          \\"source\\": \\"GA2NRFVUZE7TFSFMTE6JSP4DCCOXFJF5477G5LZYI6NZLCAY5KKPEQTK\\",
          \\"type\\": \\"pathPayment\\",
          \\"sendAsset\\": {
            \\"code\\": \\"XLM\\"
          },
          \\"sendMax\\": \\"18\\",
          \\"destination\\": \\"GA2NRFVUZE7TFSFMTE6JSP4DCCOXFJF5477G5LZYI6NZLCAY5KKPEQTK\\",
          \\"destAsset\\": {
            \\"code\\": \\"XLM\\"
          },
          \\"destAmount\\": \\"18\\",
          \\"path\\": [
            {
              \\"code\\": \\"USD\\",
              \\"issuer\\": \\"GBSTRUSD7IRX73RQZBL3RQUH6KS3O4NYFY3QCALDLZD77XMZOPWAVTUK\\"
            },
            {
              \\"code\\": \\"LTC\\",
              \\"issuer\\": \\"GCSTRLTC73UVXIYPHYTTQUUSDTQU2KQW5VKCE4YCMEHWF44JKDMQAL23\\"
            },
            {
              \\"code\\": \\"ETH\\",
              \\"issuer\\": \\"GBSTRH4QOTWNSVA6E4HFERETX4ZLSR3CIUBLK7AXYII277PFJC4BBYOG\\"
            }
          ]
        }
      ]
    },
    {
      \\"fee\\": 100,
      \\"seqNum\\": \\"83415600692461594\\",
      \\"sourceAccount\\": \\"GAWHBAUJPCKQTEVOXKDELSG5F6KSDYNB5EC27NO2OQKS6RVPGU5URCGD\\",
      \\"operations\\": [
        {
          \\"type\\": \\"accountMerge\\",
          \\"destination\\": \\"GDVGJVII36PKGWBLSHJVI4UFSURCGG53E3M4AIYTIA3CGQJ7VT3KRO3O\\"
        }
      ]
    },
    {
      \\"fee\\": 500,
      \\"seqNum\\": \\"71960377453333199\\",
      \\"sourceAccount\\": \\"GCUZSLQYXDXSOXC4DURSK3AJNAQEBDSYVGYE7BC7IXGTS32MJBW35QOU\\",
      \\"operations\\": [
        {
          \\"type\\": \\"manageOffer\\",
          \\"selling\\": {
            \\"code\\": \\"XLM\\"
          },
          \\"buying\\": {
            \\"code\\": \\"ETH\\",
            \\"issuer\\": \\"GCNSGHUCG5VMGLT5RIYYZSO7VQULQKAJ62QA33DBC5PPBSO57LFWVV6P\\"
          },
          \\"amount\\": \\"438.8354538\\",
          \\"price\\": \\"0.000729027\\",
          \\"offerId\\": \\"56633368\\"
        },
        {
          \\"type\\": \\"manageOffer\\",
          \\"selling\\": {
            \\"code\\": \\"XLM\\"
          },
          \\"buying\\": {
            \\"code\\": \\"ETH\\",
            \\"issuer\\": \\"GCNSGHUCG5VMGLT5RIYYZSO7VQULQKAJ62QA33DBC5PPBSO57LFWVV6P\\"
          },
          \\"amount\\": \\"438.8354538\\",
          \\"price\\": \\"0.000743535\\",
          \\"offerId\\": \\"56752942\\"
        },
        {
          \\"type\\": \\"manageOffer\\",
          \\"selling\\": {
            \\"code\\": \\"XLM\\"
          },
          \\"buying\\": {
            \\"code\\": \\"ETH\\",
            \\"issuer\\": \\"GCNSGHUCG5VMGLT5RIYYZSO7VQULQKAJ62QA33DBC5PPBSO57LFWVV6P\\"
          },
          \\"amount\\": \\"438.8354538\\",
          \\"price\\": \\"0.000758043\\",
          \\"offerId\\": \\"57145686\\"
        },
        {
          \\"type\\": \\"manageOffer\\",
          \\"selling\\": {
            \\"code\\": \\"XLM\\"
          },
          \\"buying\\": {
            \\"code\\": \\"ETH\\",
            \\"issuer\\": \\"GCNSGHUCG5VMGLT5RIYYZSO7VQULQKAJ62QA33DBC5PPBSO57LFWVV6P\\"
          },
          \\"amount\\": \\"438.8354538\\",
          \\"price\\": \\"0.000772551\\",
          \\"offerId\\": \\"57148026\\"
        },
        {
          \\"type\\": \\"manageOffer\\",
          \\"selling\\": {
            \\"code\\": \\"XLM\\"
          },
          \\"buying\\": {
            \\"code\\": \\"ETH\\",
            \\"issuer\\": \\"GCNSGHUCG5VMGLT5RIYYZSO7VQULQKAJ62QA33DBC5PPBSO57LFWVV6P\\"
          },
          \\"amount\\": \\"438.8354538\\",
          \\"price\\": \\"0.000787059\\",
          \\"offerId\\": \\"57254188\\"
        }
      ]
    },
    {
      \\"fee\\": 110,
      \\"seqNum\\": \\"87619183969310318\\",
      \\"sourceAccount\\": \\"GASUXYNNN7OWDOJUKPN6RFFHWMNBHYI23NVLEEZ5LGVY5O6ZLCKWUA35\\",
      \\"operations\\": [
        {
          \\"source\\": \\"GA2NRVZVL5OTPEVC52PGVIMU7QXE7E6TYRTBLCG4MQN37FJIFFRBJKQ2\\",
          \\"type\\": \\"pathPayment\\",
          \\"sendAsset\\": {
            \\"code\\": \\"XLM\\"
          },
          \\"sendMax\\": \\"17.999\\",
          \\"destination\\": \\"GA2NRVZVL5OTPEVC52PGVIMU7QXE7E6TYRTBLCG4MQN37FJIFFRBJKQ2\\",
          \\"destAsset\\": {
            \\"code\\": \\"XLM\\"
          },
          \\"destAmount\\": \\"17.999\\",
          \\"path\\": [
            {
              \\"code\\": \\"USD\\",
              \\"issuer\\": \\"GBSTRUSD7IRX73RQZBL3RQUH6KS3O4NYFY3QCALDLZD77XMZOPWAVTUK\\"
            },
            {
              \\"code\\": \\"LTC\\",
              \\"issuer\\": \\"GCSTRLTC73UVXIYPHYTTQUUSDTQU2KQW5VKCE4YCMEHWF44JKDMQAL23\\"
            },
            {
              \\"code\\": \\"ETH\\",
              \\"issuer\\": \\"GBSTRH4QOTWNSVA6E4HFERETX4ZLSR3CIUBLK7AXYII277PFJC4BBYOG\\"
            }
          ]
        }
      ]
    },
    {
      \\"fee\\": 2000,
      \\"seqNum\\": \\"93640126822877125\\",
      \\"sourceAccount\\": \\"GBE3BRNRC6JVRJ7I4FFVOSPJNKOJ3ZE7E3GLIHUGUGRPNSVRK4GPCEFW\\",
      \\"operations\\": [
        {
          \\"source\\": \\"GAGA7RRXJ3PBP2COTU7O5FMNDDZUXWVO7RWYWR2XODEAZVRJAWZEYMQ4\\",
          \\"type\\": \\"manageOffer\\",
          \\"selling\\": {
            \\"code\\": \\"XLM\\"
          },
          \\"buying\\": {
            \\"code\\": \\"SHX\\",
            \\"issuer\\": \\"GDSTRSHXHGJ7ZIVRBXEYE5Q74XUVCUSEKEBR7UCHEUUEK72N7I7KJ6JH\\"
          },
          \\"amount\\": \\"28.3976131\\",
          \\"price\\": \\"41.1065894\\",
          \\"offerId\\": \\"57409325\\"
        },
        {
          \\"source\\": \\"GAGA7RRXJ3PBP2COTU7O5FMNDDZUXWVO7RWYWR2XODEAZVRJAWZEYMQ4\\",
          \\"type\\": \\"manageOffer\\",
          \\"selling\\": {
            \\"code\\": \\"XLM\\"
          },
          \\"buying\\": {
            \\"code\\": \\"SHX\\",
            \\"issuer\\": \\"GDSTRSHXHGJ7ZIVRBXEYE5Q74XUVCUSEKEBR7UCHEUUEK72N7I7KJ6JH\\"
          },
          \\"amount\\": \\"122.3269543\\",
          \\"price\\": \\"41.2150188\\",
          \\"offerId\\": \\"57409326\\"
        },
        {
          \\"source\\": \\"GAGA7RRXJ3PBP2COTU7O5FMNDDZUXWVO7RWYWR2XODEAZVRJAWZEYMQ4\\",
          \\"type\\": \\"manageOffer\\",
          \\"selling\\": {
            \\"code\\": \\"XLM\\"
          },
          \\"buying\\": {
            \\"code\\": \\"SHX\\",
            \\"issuer\\": \\"GDSTRSHXHGJ7ZIVRBXEYE5Q74XUVCUSEKEBR7UCHEUUEK72N7I7KJ6JH\\"
          },
          \\"amount\\": \\"64.3514899\\",
          \\"price\\": \\"41.5282392\\",
          \\"offerId\\": \\"57409327\\"
        },
        {
          \\"source\\": \\"GAGA7RRXJ3PBP2COTU7O5FMNDDZUXWVO7RWYWR2XODEAZVRJAWZEYMQ4\\",
          \\"type\\": \\"manageOffer\\",
          \\"selling\\": {
            \\"code\\": \\"XLM\\"
          },
          \\"buying\\": {
            \\"code\\": \\"SHX\\",
            \\"issuer\\": \\"GDSTRSHXHGJ7ZIVRBXEYE5Q74XUVCUSEKEBR7UCHEUUEK72N7I7KJ6JH\\"
          },
          \\"amount\\": \\"14.0915146\\",
          \\"price\\": \\"41.7149865\\",
          \\"offerId\\": \\"57409470\\"
        },
        {
          \\"source\\": \\"GAGA7RRXJ3PBP2COTU7O5FMNDDZUXWVO7RWYWR2XODEAZVRJAWZEYMQ4\\",
          \\"type\\": \\"manageOffer\\",
          \\"selling\\": {
            \\"code\\": \\"XLM\\"
          },
          \\"buying\\": {
            \\"code\\": \\"SHX\\",
            \\"issuer\\": \\"GDSTRSHXHGJ7ZIVRBXEYE5Q74XUVCUSEKEBR7UCHEUUEK72N7I7KJ6JH\\"
          },
          \\"amount\\": \\"139.1351607\\",
          \\"price\\": \\"43.104563\\",
          \\"offerId\\": \\"57433383\\"
        },
        {
          \\"source\\": \\"GAGA7RRXJ3PBP2COTU7O5FMNDDZUXWVO7RWYWR2XODEAZVRJAWZEYMQ4\\",
          \\"type\\": \\"manageOffer\\",
          \\"selling\\": {
            \\"code\\": \\"XLM\\"
          },
          \\"buying\\": {
            \\"code\\": \\"SHX\\",
            \\"issuer\\": \\"GDSTRSHXHGJ7ZIVRBXEYE5Q74XUVCUSEKEBR7UCHEUUEK72N7I7KJ6JH\\"
          },
          \\"amount\\": \\"149.7723194\\",
          \\"price\\": \\"43.2780528\\",
          \\"offerId\\": \\"57442135\\"
        },
        {
          \\"source\\": \\"GAGA7RRXJ3PBP2COTU7O5FMNDDZUXWVO7RWYWR2XODEAZVRJAWZEYMQ4\\",
          \\"type\\": \\"manageOffer\\",
          \\"selling\\": {
            \\"code\\": \\"XLM\\"
          },
          \\"buying\\": {
            \\"code\\": \\"SHX\\",
            \\"issuer\\": \\"GDSTRSHXHGJ7ZIVRBXEYE5Q74XUVCUSEKEBR7UCHEUUEK72N7I7KJ6JH\\"
          },
          \\"amount\\": \\"28.8640695\\",
          \\"price\\": \\"43.6667875\\",
          \\"offerId\\": \\"57442136\\"
        },
        {
          \\"source\\": \\"GAGA7RRXJ3PBP2COTU7O5FMNDDZUXWVO7RWYWR2XODEAZVRJAWZEYMQ4\\",
          \\"type\\": \\"manageOffer\\",
          \\"selling\\": {
            \\"code\\": \\"XLM\\"
          },
          \\"buying\\": {
            \\"code\\": \\"SHX\\",
            \\"issuer\\": \\"GDSTRSHXHGJ7ZIVRBXEYE5Q74XUVCUSEKEBR7UCHEUUEK72N7I7KJ6JH\\"
          },
          \\"amount\\": \\"31.1489249\\",
          \\"price\\": \\"44.765162\\",
          \\"offerId\\": \\"57442137\\"
        },
        {
          \\"source\\": \\"GAGA7RRXJ3PBP2COTU7O5FMNDDZUXWVO7RWYWR2XODEAZVRJAWZEYMQ4\\",
          \\"type\\": \\"manageOffer\\",
          \\"selling\\": {
            \\"code\\": \\"XLM\\"
          },
          \\"buying\\": {
            \\"code\\": \\"SHX\\",
            \\"issuer\\": \\"GDSTRSHXHGJ7ZIVRBXEYE5Q74XUVCUSEKEBR7UCHEUUEK72N7I7KJ6JH\\"
          },
          \\"amount\\": \\"8.2028434\\",
          \\"price\\": \\"45.92064\\",
          \\"offerId\\": \\"57450349\\"
        },
        {
          \\"source\\": \\"GAGA7RRXJ3PBP2COTU7O5FMNDDZUXWVO7RWYWR2XODEAZVRJAWZEYMQ4\\",
          \\"type\\": \\"manageOffer\\",
          \\"selling\\": {
            \\"code\\": \\"XLM\\"
          },
          \\"buying\\": {
            \\"code\\": \\"SHX\\",
            \\"issuer\\": \\"GDSTRSHXHGJ7ZIVRBXEYE5Q74XUVCUSEKEBR7UCHEUUEK72N7I7KJ6JH\\"
          },
          \\"amount\\": \\"0.4340962\\",
          \\"price\\": \\"46.1868164\\",
          \\"offerId\\": \\"57450350\\"
        },
        {
          \\"source\\": \\"GAGA7RRXJ3PBP2COTU7O5FMNDDZUXWVO7RWYWR2XODEAZVRJAWZEYMQ4\\",
          \\"type\\": \\"manageOffer\\",
          \\"selling\\": {
            \\"code\\": \\"SHX\\",
            \\"issuer\\": \\"GDSTRSHXHGJ7ZIVRBXEYE5Q74XUVCUSEKEBR7UCHEUUEK72N7I7KJ6JH\\"
          },
          \\"buying\\": {
            \\"code\\": \\"XLM\\"
          },
          \\"amount\\": \\"6674.6400728\\",
          \\"price\\": \\"0.029733\\",
          \\"offerId\\": \\"57318557\\"
        },
        {
          \\"source\\": \\"GAGA7RRXJ3PBP2COTU7O5FMNDDZUXWVO7RWYWR2XODEAZVRJAWZEYMQ4\\",
          \\"type\\": \\"manageOffer\\",
          \\"selling\\": {
            \\"code\\": \\"SHX\\",
            \\"issuer\\": \\"GDSTRSHXHGJ7ZIVRBXEYE5Q74XUVCUSEKEBR7UCHEUUEK72N7I7KJ6JH\\"
          },
          \\"buying\\": {
            \\"code\\": \\"XLM\\"
          },
          \\"amount\\": \\"2941.6108788\\",
          \\"price\\": \\"0.0299209\\",
          \\"offerId\\": \\"57318558\\"
        },
        {
          \\"source\\": \\"GAGA7RRXJ3PBP2COTU7O5FMNDDZUXWVO7RWYWR2XODEAZVRJAWZEYMQ4\\",
          \\"type\\": \\"manageOffer\\",
          \\"selling\\": {
            \\"code\\": \\"SHX\\",
            \\"issuer\\": \\"GDSTRSHXHGJ7ZIVRBXEYE5Q74XUVCUSEKEBR7UCHEUUEK72N7I7KJ6JH\\"
          },
          \\"buying\\": {
            \\"code\\": \\"XLM\\"
          },
          \\"amount\\": \\"3942.3647566\\",
          \\"price\\": \\"0.0299544\\",
          \\"offerId\\": \\"57318559\\"
        },
        {
          \\"source\\": \\"GAGA7RRXJ3PBP2COTU7O5FMNDDZUXWVO7RWYWR2XODEAZVRJAWZEYMQ4\\",
          \\"type\\": \\"manageOffer\\",
          \\"selling\\": {
            \\"code\\": \\"SHX\\",
            \\"issuer\\": \\"GDSTRSHXHGJ7ZIVRBXEYE5Q74XUVCUSEKEBR7UCHEUUEK72N7I7KJ6JH\\"
          },
          \\"buying\\": {
            \\"code\\": \\"XLM\\"
          },
          \\"amount\\": \\"1034.2082131\\",
          \\"price\\": \\"0.0303299\\",
          \\"offerId\\": \\"57318560\\"
        },
        {
          \\"source\\": \\"GAGA7RRXJ3PBP2COTU7O5FMNDDZUXWVO7RWYWR2XODEAZVRJAWZEYMQ4\\",
          \\"type\\": \\"manageOffer\\",
          \\"selling\\": {
            \\"code\\": \\"SHX\\",
            \\"issuer\\": \\"GDSTRSHXHGJ7ZIVRBXEYE5Q74XUVCUSEKEBR7UCHEUUEK72N7I7KJ6JH\\"
          },
          \\"buying\\": {
            \\"code\\": \\"XLM\\"
          },
          \\"amount\\": \\"1105.8519099\\",
          \\"price\\": \\"0.0304521\\",
          \\"offerId\\": \\"57318561\\"
        },
        {
          \\"source\\": \\"GAGA7RRXJ3PBP2COTU7O5FMNDDZUXWVO7RWYWR2XODEAZVRJAWZEYMQ4\\",
          \\"type\\": \\"manageOffer\\",
          \\"selling\\": {
            \\"code\\": \\"SHX\\",
            \\"issuer\\": \\"GDSTRSHXHGJ7ZIVRBXEYE5Q74XUVCUSEKEBR7UCHEUUEK72N7I7KJ6JH\\"
          },
          \\"buying\\": {
            \\"code\\": \\"XLM\\"
          },
          \\"amount\\": \\"1269.7983987\\",
          \\"price\\": \\"0.0305258\\",
          \\"offerId\\": \\"57318562\\"
        },
        {
          \\"source\\": \\"GAGA7RRXJ3PBP2COTU7O5FMNDDZUXWVO7RWYWR2XODEAZVRJAWZEYMQ4\\",
          \\"type\\": \\"manageOffer\\",
          \\"selling\\": {
            \\"code\\": \\"SHX\\",
            \\"issuer\\": \\"GDSTRSHXHGJ7ZIVRBXEYE5Q74XUVCUSEKEBR7UCHEUUEK72N7I7KJ6JH\\"
          },
          \\"buying\\": {
            \\"code\\": \\"XLM\\"
          },
          \\"amount\\": \\"802.5382378\\",
          \\"price\\": \\"0.0307154\\",
          \\"offerId\\": \\"57318563\\"
        },
        {
          \\"source\\": \\"GAGA7RRXJ3PBP2COTU7O5FMNDDZUXWVO7RWYWR2XODEAZVRJAWZEYMQ4\\",
          \\"type\\": \\"manageOffer\\",
          \\"selling\\": {
            \\"code\\": \\"SHX\\",
            \\"issuer\\": \\"GDSTRSHXHGJ7ZIVRBXEYE5Q74XUVCUSEKEBR7UCHEUUEK72N7I7KJ6JH\\"
          },
          \\"buying\\": {
            \\"code\\": \\"XLM\\"
          },
          \\"amount\\": \\"1250.6504709\\",
          \\"price\\": \\"0.0308353\\",
          \\"offerId\\": \\"57318564\\"
        },
        {
          \\"source\\": \\"GAGA7RRXJ3PBP2COTU7O5FMNDDZUXWVO7RWYWR2XODEAZVRJAWZEYMQ4\\",
          \\"type\\": \\"manageOffer\\",
          \\"selling\\": {
            \\"code\\": \\"SHX\\",
            \\"issuer\\": \\"GDSTRSHXHGJ7ZIVRBXEYE5Q74XUVCUSEKEBR7UCHEUUEK72N7I7KJ6JH\\"
          },
          \\"buying\\": {
            \\"code\\": \\"XLM\\"
          },
          \\"amount\\": \\"4414.2302085\\",
          \\"price\\": \\"0.0309799\\",
          \\"offerId\\": \\"57370625\\"
        },
        {
          \\"source\\": \\"GAGA7RRXJ3PBP2COTU7O5FMNDDZUXWVO7RWYWR2XODEAZVRJAWZEYMQ4\\",
          \\"type\\": \\"manageOffer\\",
          \\"selling\\": {
            \\"code\\": \\"SHX\\",
            \\"issuer\\": \\"GDSTRSHXHGJ7ZIVRBXEYE5Q74XUVCUSEKEBR7UCHEUUEK72N7I7KJ6JH\\"
          },
          \\"buying\\": {
            \\"code\\": \\"XLM\\"
          },
          \\"amount\\": \\"1564.106853\\",
          \\"price\\": \\"0.0317547\\",
          \\"offerId\\": \\"57370812\\"
        }
      ]
    },
    {
      \\"fee\\": 102,
      \\"seqNum\\": \\"89150859501392458\\",
      \\"sourceAccount\\": \\"GAUZUMXGJNPAWPSDUPFWCXA2HHCCG7B5J6IMY2Y5SBRGE6WGP52S3PJF\\",
      \\"operations\\": [
        {
          \\"source\\": \\"GDZTDLIDOH3WMWSF7MK4OBLPHDUWGQ5QB4WPRRJC2A7DW6R62RR64HJZ\\",
          \\"type\\": \\"pathPayment\\",
          \\"sendAsset\\": {
            \\"code\\": \\"ETH\\",
            \\"issuer\\": \\"GBSTRH4QOTWNSVA6E4HFERETX4ZLSR3CIUBLK7AXYII277PFJC4BBYOG\\"
          },
          \\"sendMax\\": \\"0.013092\\",
          \\"destination\\": \\"GDZTDLIDOH3WMWSF7MK4OBLPHDUWGQ5QB4WPRRJC2A7DW6R62RR64HJZ\\",
          \\"destAsset\\": {
            \\"code\\": \\"ETH\\",
            \\"issuer\\": \\"GBSTRH4QOTWNSVA6E4HFERETX4ZLSR3CIUBLK7AXYII277PFJC4BBYOG\\"
          },
          \\"destAmount\\": \\"0.013092\\",
          \\"path\\": [
            {
              \\"code\\": \\"XLM\\"
            },
            {
              \\"code\\": \\"USD\\",
              \\"issuer\\": \\"GBSTRUSD7IRX73RQZBL3RQUH6KS3O4NYFY3QCALDLZD77XMZOPWAVTUK\\"
            },
            {
              \\"code\\": \\"LTC\\",
              \\"issuer\\": \\"GCSTRLTC73UVXIYPHYTTQUUSDTQU2KQW5VKCE4YCMEHWF44JKDMQAL23\\"
            }
          ]
        }
      ]
    },
    {
      \\"fee\\": 100,
      \\"seqNum\\": \\"84547904395542540\\",
      \\"sourceAccount\\": \\"GDDHQ3GAPO74A6V3OD4ANJDRYXNXIEWASDVKHNU22RM57Z2INWFETG4T\\",
      \\"memo\\": {
        \\"type\\": \\"memoText\\",
        \\"value\\": \\"stellar-lover\\"
      },
      \\"operations\\": [
        {
          \\"type\\": \\"payment\\",
          \\"destination\\": \\"GDG6OZCS4AKJQOQHYDESZPUICLSWQJ2HKEA5VW4GV2MIWTL75TKWPAUS\\",
          \\"asset\\": {
            \\"code\\": \\"DRA\\",
            \\"issuer\\": \\"GCJKSAQECBGSLPQWAU7ME4LVQVZ6IDCNUA5NVTPPCUWZWBN5UBFMXZ53\\"
          },
          \\"amount\\": \\"10.2801\\"
        }
      ]
    },
    {
      \\"fee\\": 102,
      \\"seqNum\\": \\"89150863796359724\\",
      \\"sourceAccount\\": \\"GCWOFVKKILQWOX2OA7YFKEKSQX5B3NY5USOHSZZ4FBNYJUC5RBCJAUM5\\",
      \\"operations\\": [
        {
          \\"source\\": \\"GDZTDLIDOH3WMWSF7MK4OBLPHDUWGQ5QB4WPRRJC2A7DW6R62RR64HJZ\\",
          \\"type\\": \\"pathPayment\\",
          \\"sendAsset\\": {
            \\"code\\": \\"LTC\\",
            \\"issuer\\": \\"GCSTRLTC73UVXIYPHYTTQUUSDTQU2KQW5VKCE4YCMEHWF44JKDMQAL23\\"
          },
          \\"sendMax\\": \\"0.05827\\",
          \\"destination\\": \\"GDZTDLIDOH3WMWSF7MK4OBLPHDUWGQ5QB4WPRRJC2A7DW6R62RR64HJZ\\",
          \\"destAsset\\": {
            \\"code\\": \\"LTC\\",
            \\"issuer\\": \\"GCSTRLTC73UVXIYPHYTTQUUSDTQU2KQW5VKCE4YCMEHWF44JKDMQAL23\\"
          },
          \\"destAmount\\": \\"0.05827\\",
          \\"path\\": [
            {
              \\"code\\": \\"ETH\\",
              \\"issuer\\": \\"GBSTRH4QOTWNSVA6E4HFERETX4ZLSR3CIUBLK7AXYII277PFJC4BBYOG\\"
            },
            {
              \\"code\\": \\"XLM\\"
            },
            {
              \\"code\\": \\"USD\\",
              \\"issuer\\": \\"GBSTRUSD7IRX73RQZBL3RQUH6KS3O4NYFY3QCALDLZD77XMZOPWAVTUK\\"
            }
          ]
        }
      ]
    },
    {
      \\"fee\\": 100,
      \\"seqNum\\": \\"83341143140842449\\",
      \\"sourceAccount\\": \\"GC5UV6QDO25ZWRW7DQ4OTFFIITJAAGDMHRLXPJRFT7ZVE4USPHSIUNF2\\",
      \\"operations\\": [
        {
          \\"type\\": \\"manageOffer\\",
          \\"selling\\": {
            \\"code\\": \\"XLM\\"
          },
          \\"buying\\": {
            \\"code\\": \\"GTN\\",
            \\"issuer\\": \\"GARFMAHQM4JDI55SK2FGEPLOZU7BTEODS3Y5QNT3VMQQIU3WV2HTBA46\\"
          },
          \\"amount\\": \\"293.2589649\\",
          \\"price\\": \\"0.3774582\\",
          \\"offerId\\": \\"0\\"
        }
      ]
    },
    {
      \\"fee\\": 100,
      \\"seqNum\\": \\"72672001994612260\\",
      \\"sourceAccount\\": \\"GCDUYF4UG224OVOHC2FC4EAAVWK57GQE7EQL45NGUPCECWPDM6GIVH44\\",
      \\"operations\\": [
        {
          \\"type\\": \\"manageOffer\\",
          \\"selling\\": {
            \\"code\\": \\"XLM\\"
          },
          \\"buying\\": {
            \\"code\\": \\"GTN\\",
            \\"issuer\\": \\"GARFMAHQM4JDI55SK2FGEPLOZU7BTEODS3Y5QNT3VMQQIU3WV2HTBA46\\"
          },
          \\"amount\\": \\"0\\",
          \\"price\\": \\"0.37747097515125083577\\",
          \\"offerId\\": \\"57451863\\"
        }
      ]
    },
    {
      \\"fee\\": 100,
      \\"seqNum\\": \\"26841621454660402\\",
      \\"sourceAccount\\": \\"GAMEGWRC4XNPUWIKP5R4XR2JYD3PFTAC24HDMTFTZON23TKNUV72EP7N\\",
      \\"operations\\": [
        {
          \\"type\\": \\"payment\\",
          \\"destination\\": \\"GA7N4K45ILJUHYLYYAT7ZAZDX673PSZHUM2JY4ZNVHGJJPWUZGCADCZD\\",
          \\"asset\\": {
            \\"code\\": \\"XLM\\"
          },
          \\"amount\\": \\"0.08\\"
        }
      ]
    },
    {
      \\"fee\\": 400,
      \\"seqNum\\": \\"83257399867183606\\",
      \\"sourceAccount\\": \\"GDPZOHEEUEYNFCNSHTYJCKEN25ZKV4FAB25D2XYFBV7LXPAI6G3PFGCE\\",
      \\"operations\\": [
        {
          \\"type\\": \\"manageOffer\\",
          \\"selling\\": {
            \\"code\\": \\"XLM\\"
          },
          \\"buying\\": {
            \\"code\\": \\"CNY\\",
            \\"issuer\\": \\"GAREELUB43IRHWEASCFBLKHURCGMHE5IF6XSE7EXDLACYHGRHM43RFOX\\"
          },
          \\"amount\\": \\"0\\",
          \\"price\\": \\"0.787157\\",
          \\"offerId\\": \\"57451684\\"
        },
        {
          \\"type\\": \\"manageOffer\\",
          \\"selling\\": {
            \\"code\\": \\"CNY\\",
            \\"issuer\\": \\"GAREELUB43IRHWEASCFBLKHURCGMHE5IF6XSE7EXDLACYHGRHM43RFOX\\"
          },
          \\"buying\\": {
            \\"code\\": \\"XLM\\"
          },
          \\"amount\\": \\"0\\",
          \\"price\\": \\"1.2897407\\",
          \\"offerId\\": \\"57451685\\"
        },
        {
          \\"type\\": \\"manageOffer\\",
          \\"selling\\": {
            \\"code\\": \\"XLM\\"
          },
          \\"buying\\": {
            \\"code\\": \\"CNY\\",
            \\"issuer\\": \\"GAREELUB43IRHWEASCFBLKHURCGMHE5IF6XSE7EXDLACYHGRHM43RFOX\\"
          },
          \\"amount\\": \\"4299.0052584\\",
          \\"price\\": \\"0.7863898\\",
          \\"offerId\\": \\"0\\"
        },
        {
          \\"type\\": \\"manageOffer\\",
          \\"selling\\": {
            \\"code\\": \\"CNY\\",
            \\"issuer\\": \\"GAREELUB43IRHWEASCFBLKHURCGMHE5IF6XSE7EXDLACYHGRHM43RFOX\\"
          },
          \\"buying\\": {
            \\"code\\": \\"XLM\\"
          },
          \\"amount\\": \\"5000\\",
          \\"price\\": \\"1.2909989\\",
          \\"offerId\\": \\"0\\"
        }
      ]
    },
    {
      \\"fee\\": 300,
      \\"seqNum\\": \\"77833036564209579\\",
      \\"sourceAccount\\": \\"GAOVLZQ6YVJMIE46EAA2ZAYUU6S3ETKHDDFASFINH4YLWUZKXAUBYBB2\\",
      \\"operations\\": [
        {
          \\"type\\": \\"manageOffer\\",
          \\"selling\\": {
            \\"code\\": \\"XLM\\"
          },
          \\"buying\\": {
            \\"code\\": \\"BCNY\\",
            \\"issuer\\": \\"GBCNYBHAAPDSU3UIHXXQTHYZVSBJBI4YUNWXMKJBCPDHTVYR75G6NFHD\\"
          },
          \\"amount\\": \\"299.226\\",
          \\"price\\": \\"0.784498\\",
          \\"offerId\\": \\"57451822\\"
        },
        {
          \\"type\\": \\"manageOffer\\",
          \\"selling\\": {
            \\"code\\": \\"BCNY\\",
            \\"issuer\\": \\"GBCNYBHAAPDSU3UIHXXQTHYZVSBJBI4YUNWXMKJBCPDHTVYR75G6NFHD\\"
          },
          \\"buying\\": {
            \\"code\\": \\"XLM\\"
          },
          \\"amount\\": \\"15.235\\",
          \\"price\\": \\"1.312803\\",
          \\"offerId\\": \\"0\\"
        },
        {
          \\"type\\": \\"manageOffer\\",
          \\"selling\\": {
            \\"code\\": \\"XLM\\"
          },
          \\"buying\\": {
            \\"code\\": \\"BCNY\\",
            \\"issuer\\": \\"GBCNYBHAAPDSU3UIHXXQTHYZVSBJBI4YUNWXMKJBCPDHTVYR75G6NFHD\\"
          },
          \\"amount\\": \\"1000\\",
          \\"price\\": \\"0.786455\\",
          \\"offerId\\": \\"0\\"
        }
      ]
    },
    {
      \\"fee\\": 400,
      \\"seqNum\\": \\"90802278721650691\\",
      \\"sourceAccount\\": \\"GCM5DI6NHOQZIS45VVCWR3J4KMU4HJ7WKQWO35XRDDVXQEFT2RJD5TYQ\\",
      \\"operations\\": [
        {
          \\"source\\": \\"GCM5DI6NHOQZIS45VVCWR3J4KMU4HJ7WKQWO35XRDDVXQEFT2RJD5TYQ\\",
          \\"type\\": \\"changeTrust\\",
          \\"line\\": {
            \\"code\\": \\"BTC\\",
            \\"issuer\\": \\"GAUTUYY2THLF7SGITDFMXJVYH3LHDSMGEAKSBU267M2K7A3W543CKUEF\\"
          },
          \\"limit\\": \\"2147483647\\"
        },
        {
          \\"source\\": \\"GCM5DI6NHOQZIS45VVCWR3J4KMU4HJ7WKQWO35XRDDVXQEFT2RJD5TYQ\\",
          \\"type\\": \\"changeTrust\\",
          \\"line\\": {
            \\"code\\": \\"ETH\\",
            \\"issuer\\": \\"GBDEVU63Y6NTHJQQZIKVTC23NWLQVP3WJ2RI2OTSJTNYOIGICST6DUXR\\"
          },
          \\"limit\\": \\"2147483647\\"
        },
        {
          \\"source\\": \\"GCM5DI6NHOQZIS45VVCWR3J4KMU4HJ7WKQWO35XRDDVXQEFT2RJD5TYQ\\",
          \\"type\\": \\"changeTrust\\",
          \\"line\\": {
            \\"code\\": \\"BCH\\",
            \\"issuer\\": \\"GAEGOS7I6TYZSVHPSN76RSPIVL3SELATXZWLFO4DIAFYJF7MPAHFE7H4\\"
          },
          \\"limit\\": \\"2147483647\\"
        },
        {
          \\"source\\": \\"GCM5DI6NHOQZIS45VVCWR3J4KMU4HJ7WKQWO35XRDDVXQEFT2RJD5TYQ\\",
          \\"type\\": \\"changeTrust\\",
          \\"line\\": {
            \\"code\\": \\"BSV\\",
            \\"issuer\\": \\"GDSVWEA7XV6M5XNLODVTPCGMAJTNBLZBXOFNQD3BNPNYALEYBNT6CE2V\\"
          },
          \\"limit\\": \\"2147483647\\"
        }
      ]
    },
    {
      \\"fee\\": 100,
      \\"seqNum\\": \\"80084862144348239\\",
      \\"sourceAccount\\": \\"GDT7XILVA2L6GFSAQB2Y2W4IKHJHWZHATBPVBLM6H3LQMRRZQEKFB3LM\\",
      \\"operations\\": [
        {
          \\"type\\": \\"accountMerge\\",
          \\"destination\\": \\"GDVGJVII36PKGWBLSHJVI4UFSURCGG53E3M4AIYTIA3CGQJ7VT3KRO3O\\"
        }
      ]
    },
    {
      \\"fee\\": 100,
      \\"seqNum\\": \\"85719176336908102\\",
      \\"sourceAccount\\": \\"GD6A3VMB3LVTK6B7HQT36EAX3EGHRWFX3JPWHJ7ZJ3KZZ6KHUPU2RLB3\\",
      \\"operations\\": [
        {
          \\"type\\": \\"payment\\",
          \\"destination\\": \\"GCVKJHMZWPZNPMVSYWSHXY7C2KBFMVLSQ3D5H44Q4MEROS4H44ZPRNT2\\",
          \\"asset\\": {
            \\"code\\": \\"DRA\\",
            \\"issuer\\": \\"GCJKSAQECBGSLPQWAU7ME4LVQVZ6IDCNUA5NVTPPCUWZWBN5UBFMXZ53\\"
          },
          \\"amount\\": \\"0.63\\"
        }
      ]
    },
    {
      \\"fee\\": 100,
      \\"seqNum\\": \\"83416674434285594\\",
      \\"sourceAccount\\": \\"GA33VQ22D6U2LEQAENU5VVAP3CP6GHZ2RKABNGJMTGCXVBPPM6Z7DRQB\\",
      \\"operations\\": [
        {
          \\"type\\": \\"accountMerge\\",
          \\"destination\\": \\"GDVGJVII36PKGWBLSHJVI4UFSURCGG53E3M4AIYTIA3CGQJ7VT3KRO3O\\"
        }
      ]
    },
    {
      \\"fee\\": 100,
      \\"seqNum\\": \\"80026635272716369\\",
      \\"sourceAccount\\": \\"GBSQ7WNNXTMUARV3VCG6Y4J3KL33AABNVFZGMJZVHTMVW5Z4XR47VMFW\\",
      \\"operations\\": [
        {
          \\"type\\": \\"accountMerge\\",
          \\"destination\\": \\"GDVGJVII36PKGWBLSHJVI4UFSURCGG53E3M4AIYTIA3CGQJ7VT3KRO3O\\"
        }
      ]
    }
  ]
}"
`;
